
Manavalan L@LAPTOP-6FTOCGDF MINGW64 ~/Downloads
$ ssh -i ansiblenv.pem centos@52.91.61.250

The authenticity of host '52.91.61.250 (52.91.61.250)' can't be established.
ECDSA key fingerprint is SHA256:tz9aBiizNIIKYakeJzOQYZRoBLxxp5A71x9qH9AWI/Q.
Are you sure you want to continue connecting (yes/no/[fingerprint])? yes
Warning: Permanently added '52.91.61.250' (ECDSA) to the list of known hosts.


[centos@ip-172-31-88-8 ~]$ sudo su -
[root@ip-172-31-88-8 ~]# useradd ansible
[root@ip-172-31-88-8 ~]# passwd ansible
Changing password for user ansible.
New password:
BAD PASSWORD: The password is shorter than 8 characters
Retype new password:
passwd: all authentication tokens updated successfully.
[root@ip-172-31-88-8 ~]# visudo
[root@ip-172-31-88-8 ~]# su - anisble
su: user anisble does not exist
[root@ip-172-31-88-8 ~]# su - ansible
[ansible@ip-172-31-88-8 ~]$ sudo vi /etc/ssh/sshd_config
[ansible@ip-172-31-88-8 ~]$ sudo service sshd restart
Redirecting to /bin/systemctl restart sshd.service
[ansible@ip-172-31-88-8 ~]$ sudo vi /etc/hosts
[ansible@ip-172-31-88-8 ~]$ client_loop: send disconnect: Connection reset by peer

Manavalan L@LAPTOP-6FTOCGDF MINGW64 ~/Downloads
$ ssh -i ansiblenv.pem centos@52.91.61.250
Last login: Sun Jul 28 10:29:09 2019 from 42.111.165.108
[centos@ip-172-31-88-8 ~]$ ls -lrt
total 0
[centos@ip-172-31-88-8 ~]$ su - ansible
Password:
su: Authentication failure
[centos@ip-172-31-88-8 ~]$ su - ansible
Password:
Last login: Sun Jul 28 10:42:47 UTC 2019 on pts/1
Last failed login: Sun Jul 28 11:32:28 UTC 2019 on pts/1
There was 1 failed login attempt since the last successful login.
[ansible@ip-172-31-88-8 ~]$ ls -lrt
total 0
[ansible@ip-172-31-88-8 ~]$ client_loop: send disconnect: Connection reset by peer

Manavalan L@LAPTOP-6FTOCGDF MINGW64 ~/Downloads
$ ssh -i ansiblenv.pem centos@52.91.61.250
Last login: Sun Jul 28 11:32:13 2019 from 42.111.165.108
[centos@ip-172-31-88-8 ~]$ more /etc/ssh/sshd_config
/etc/ssh/sshd_config: Permission denied
[centos@ip-172-31-88-8 ~]$ sudo more /etc/ssh/sshd_config
#       $OpenBSD: sshd_config,v 1.100 2016/08/15 12:32:04 naddy Exp $

# This is the sshd server system-wide configuration file.  See
# sshd_config(5) for more information.

# This sshd was compiled with PATH=/usr/local/bin:/usr/bin

# The strategy used for options in the default sshd_config shipped with
# OpenSSH is to specify options with their default value where
# possible, but leave them commented.  Uncommented options override the
# default value.

# If you want to change the port on a SELinux system, you have to tell
# SELinux about this change.
# semanage port -a -t ssh_port_t -p tcp #PORTNUMBER
#
#Port 22
#AddressFamily any
#ListenAddress 0.0.0.0
#ListenAddress ::

HostKey /etc/ssh/ssh_host_rsa_key
#HostKey /etc/ssh/ssh_host_dsa_key
HostKey /etc/ssh/ssh_host_ecdsa_key
HostKey /etc/ssh/ssh_host_ed25519_key

# Ciphers and keying
#RekeyLimit default none

# Logging
#SyslogFacility AUTH
SyslogFacility AUTHPRIV
#LogLevel INFO

# Authentication:

#LoginGraceTime 2m
#PermitRootLogin yes
#StrictModes yes
#MaxAuthTries 6
#MaxSessions 10

#PubkeyAuthentication yes

# The default is to check both .ssh/authorized_keys and .ssh/authorized_keys2
# but this is overridden so installations will only check .ssh/authorized_keys
AuthorizedKeysFile .ssh/authorized_keys

#AuthorizedPrincipalsFile none

#AuthorizedKeysCommand none
#AuthorizedKeysCommandUser nobody

# For this to work you will also need host keys in /etc/ssh/ssh_known_hosts
#HostbasedAuthentication no
# Change to yes if you don't trust ~/.ssh/known_hosts for
# HostbasedAuthentication
#IgnoreUserKnownHosts no
# Don't read the user's ~/.rhosts and ~/.shosts files
#IgnoreRhosts yes

# To disable tunneled clear text passwords, change to no here!
PasswordAuthentication yes
#PermitEmptyPasswords no
#PasswordAuthentication no

# Change to no to disable s/key passwords
#ChallengeResponseAuthentication yes
ChallengeResponseAuthentication no

# Kerberos options
#KerberosAuthentication no
#KerberosOrLocalPasswd yes
#KerberosTicketCleanup yes
#KerberosGetAFSToken no
#KerberosUseKuserok yes

# GSSAPI options
GSSAPIAuthentication yes
GSSAPICleanupCredentials no
#GSSAPIStrictAcceptorCheck yes
#GSSAPIKeyExchange no
#GSSAPIEnablek5users no

# Set this to 'yes' to enable PAM authentication, account processing,
# and session processing. If this is enabled, PAM authentication will
# be allowed through the ChallengeResponseAuthentication and
# PasswordAuthentication.  Depending on your PAM configuration,
# PAM authentication via ChallengeResponseAuthentication may bypass
# the setting of "PermitRootLogin without-password".
# If you just want the PAM account and session checks to run without
# PAM authentication, then enable this but set PasswordAuthentication
# and ChallengeResponseAuthentication to 'no'.
# WARNING: 'UsePAM no' is not supported in Red Hat Enterprise Linux and may cause several
# problems.
UsePAM yes

#AllowAgentForwarding yes
#AllowTcpForwarding yes
#GatewayPorts no
X11Forwarding yes
#X11DisplayOffset 10
#X11UseLocalhost yes
#PermitTTY yes
#PrintMotd yes
#PrintLastLog yes
#TCPKeepAlive yes
#UseLogin no
#UsePrivilegeSeparation sandbox
#PermitUserEnvironment no
#Compression delayed
#ClientAliveInterval 0
#ClientAliveCountMax 3
#ShowPatchLevel no
#UseDNS yes
#PidFile /var/run/sshd.pid
#MaxStartups 10:30:100
#PermitTunnel no
#ChrootDirectory none
#VersionAddendum none

# no default banner path
#Banner none

# Accept locale-related environment variables
AcceptEnv LANG LC_CTYPE LC_NUMERIC LC_TIME LC_COLLATE LC_MONETARY LC_MESSAGES
AcceptEnv LC_PAPER LC_NAME LC_ADDRESS LC_TELEPHONE LC_MEASUREMENT
AcceptEnv LC_IDENTIFICATION LC_ALL LANGUAGE
AcceptEnv XMODIFIERS

# override default of no subsystems
Subsystem sftp  /usr/libexec/openssh/sftp-server

# Example of overriding settings on a per-user basis
#Match User anoncvs
#       X11Forwarding no
#       AllowTcpForwarding no
#       PermitTTY no
#       ForceCommand cvs server
[centos@ip-172-31-88-8 ~]$ su - ansible
Password:
Last login: Sun Jul 28 11:39:04 UTC 2019 on pts/2
[ansible@ip-172-31-88-8 ~]$ ll
total 0
[ansible@ip-172-31-88-8 ~]$ ls
[ansible@ip-172-31-88-8 ~]$ sudo more /etc/hosts
127.0.0.1   localhost localhost.localdomain localhost4 localhost4.localdomain4
::1         localhost localhost.localdomain localhost6 localhost6.localdomain6
172.31.88.8
172.31.87.14

[ansible@ip-172-31-88-8 ~]$ client_loop: send disconnect: Connection reset by peer

